// Jest Snapshot v1, https://goo.gl/fbAQLP

exports[`<ButtonComponent />: ButtonComponentit should be renderd matches the snapshots 1`] = `"<button class=\\"btn btn--default\\"></button>"`;
