// Jest Snapshot v1, https://goo.gl/fbAQLP

exports[`<InputFormCamponent/>: InputFormComponentit should be renderd matches the snapshots 1`] = `"<div class=\\"input-wrapper\\" style=\\"font-size:1.2rem\\"><input class=\\"\\"/></div>"`;
